
> dge_frontend@0.1.0 build
> next build

NextConfig: Proxying /api to: http://localhost:8000
▲ Next.js 16.2.7 (Turbopack)
- Environments: .env
- Experiments (use with caution):
  · serverActions

⚠ The "middleware" file convention is deprecated. Please use "proxy" instead. Learn more: https://nextjs.org/docs/messages/middleware-to-proxy
NextConfig: Proxying /api to: http://localhost:8000
  Creating an optimized production build ...
